
> eduos-ai@0.1.0 build
> next build

Γû▓ Next.js 16.2.2 (Turbopack)

  Creating an optimized production build ...
node.exe : 
At C:\Program 
Files\nodejs\npm.ps1:29 
char:3
+   & $NODE_EXE 
$NPM_CLI_JS $args
+   ~~~~~~~~~~~~~~~~~~~~~~
~~~~~~~
    + CategoryInfo        
      : NotSpecified: (:  
  String) [], RemoteExc   
 eption
    + FullyQualifiedError 
   Id : NativeCommandErr  
  or
 
> Build error occurred
Error: Turbopack build 
failed with 1 errors:
./src/app/dashboard/teache
r/page.tsx:5:1
Module not found: Can't 
resolve 
'@/components/ui/progress'
  [90m3 |[0m 
[36mimport[0m { 
[33mCard[0m, 
[33mCardContent[0m, 
[33mCardDescription[0m, 
[33mCardHeader[0m, 
[33mCardTitle[0m, 
[33mCardFooter[0m } 
[36mfrom[0m 
[32m"@/co...[0m
  [90m4 |[0m 
[36mimport[0m { 
[33mButton[0m } 
[36mfrom[0m [32m"@/comp
onents/ui/button"[0m
[31m[1m>[0m [90m5 
|[0m [36mimport[0m { 
[33mProgress[0m } 
[36mfrom[0m [32m"@/comp
onents/ui/progress"[0m
  [90m  |[0m [31m[1m^^
^^^^^^^^^^^^^^^^^^^^^^^^^^
^^^^^^^^^^^^^^^^^^^^^^^[0
m
  [90m6 |[0m 
[36mimport[0m { 
[33mBadge[0m } 
[36mfrom[0m [32m"@/comp
onents/ui/badge"[0m
  [90m7 |[0m 
[36mimport[0m { 
[33mTabs[0m, 
[33mTabsContent[0m, 
[33mTabsList[0m, 
[33mTabsTrigger[0m } 
[36mfrom[0m [32m"@/comp
onents/ui/tabs"[0m
  [90m8 |[0m

Import map: aliased to 
relative './src/components
/ui/progress' inside of 
[project]/


https://nextjs.org/docs/me
ssages/module-not-found


    at <unknown> (./src/ap
p/dashboard/teacher/page.t
sx:5:1)
    at <unknown> (https://
nextjs.org/docs/messages/m
odule-not-found)
